2026-09-20T10:05:45.849823Z  INFO clonk_app: engine session log initialized path=/home/runner/work/clonk-rs/clonk-rs/target/device-loss/gl/logs/Clonk.log
2026-09-20T10:05:45.849882Z  INFO clonk_logging: starting clonk port_version="0.27.5" engine_version="4.9.11.0 [362]" os="linux" arch="x86_64" debug_assertions=false
2026-09-20T10:05:45.849892Z  INFO clonk_app: no interrupted component update to recover
2026-09-20T10:05:45.851322Z  WARN winit::platform_impl::linux::x11::xdisplay: error setting XSETTINGS; Xft options won't reload automatically
2026-09-20T10:05:45.862913Z  WARN winit::platform_impl::linux::x11::util::randr: XRandR reported that the display's 0mm in size, which is certifiably insane
2026-09-20T10:05:45.884870Z  WARN {}{task_name="org.a11y.Status proxy caching"}: zbus::proxy: Failed to populate properties cache via GetAll: org.freedesktop.DBus.Error.ServiceUnknown: The name org.a11y.Bus was not provided by any .service files. Property change streams will not produce values.
libEGL warning: DRI3 error: Could not get DRI3 device
libEGL warning: Ensure your X server supports DRI3 to get accelerated rendering
2026-09-20T10:05:46.359731Z  WARN clonk_app::main_audio: no surface-compatible hardware adapter was offered; running on a software adapter backends=Backends(GL) adapter=llvmpipe (LLVM 20.1.2, 256 bits)
2026-09-20T10:05:47.420932Z  INFO clonk_app::main_resources: loaded material definitions path=/home/runner/work/clonk-rs/clonk-rs/content/Material.c4g count=21
ALSA lib confmisc.c:855:(parse_card) cannot find card '0'
ALSA lib conf.c:5208:(_snd_config_evaluate) function snd_func_card_inum returned error: No such file or directory
ALSA lib confmisc.c:422:(snd_func_concat) error evaluating strings
ALSA lib conf.c:5208:(_snd_config_evaluate) function snd_func_concat returned error: No such file or directory
ALSA lib confmisc.c:1342:(snd_func_refer) error evaluating name
ALSA lib conf.c:5208:(_snd_config_evaluate) function snd_func_refer returned error: No such file or directory
ALSA lib conf.c:5731:(snd_config_expand) Evaluate error: No such file or directory
ALSA lib pcm.c:2721:(snd_pcm_open_noupdate) Unknown PCM default
2026-09-20T10:05:48.871918Z ERROR clonk_audio::mixer: failed to create audio stream: failed to enumerate output formats: The requested audio device is not available. It may have been disconnected.
2026-09-20T10:05:50.482777Z  WARN clonk_app: device-loss probe: destroying the live GPU device generation=1
2026-09-20T10:05:50.483684Z ERROR clonk_app_render::gpu_renderer: retained GPU device lost reason=Destroyed detail=Destroyed
2026-09-20T10:05:50.483712Z  WARN clonk_app: retained GPU device requires recreation error=failed to submit retained GPU frame

Caused by:
    retained GPU device recreation required after DeviceLost: Destroyed
2026-09-20T10:05:50.487071Z  WARN clonk_app::main_audio: no surface-compatible hardware adapter was offered; running on a software adapter backends=Backends(GL) adapter=llvmpipe (LLVM 20.1.2, 256 bits)
LC_APP_DEVICE_LOSS_PROBE result=recovered backend=gl generation_before=1 generation_after=2 presented_after=3 recovery_ms=335 report=/home/runner/work/clonk-rs/clonk-rs/target/device-loss/gl/report.json
2026-09-20T10:05:50.770755Z  INFO clonk_logging: stopping clonk reason="the event loop ended"
