2026-09-20T07:43:37.141530Z  INFO clonk_app: engine session log initialized path=D:\a\clonk-rs\clonk-rs\target\windows-software-presentation\automatic\logs\Clonk.log
2026-09-20T07:43:37.141648Z  INFO clonk_logging: starting clonk port_version="0.27.5" engine_version="4.9.11.0 [362]" os="windows" arch="x86_64" debug_assertions=false
2026-09-20T07:43:37.141688Z  INFO clonk_app: no interrupted component update to recover
2026-09-20T07:43:37.234383Z  WARN wgpu_types::backend: unknown backend string ''
2026-09-20T07:43:37.234466Z  WARN wgpu_types::backend: no valid backend strings found!
2026-09-20T07:43:37.234503Z  WARN wgpu_types::backend: unknown backend string ''
2026-09-20T07:43:37.234528Z  WARN wgpu_types::backend: no valid backend strings found!
2026-09-20T07:43:37.235150Z  WARN clonk_app::main_audio: no usable GPU adapter for these backends backends=Backends(0x0) fallback_adapter=false error=failed to create a surface for the window: Failed to create surface for any enabled backend: {}
2026-09-20T07:43:37.235209Z  WARN clonk_app::main_audio: no usable GPU adapter for these backends backends=Backends(0x0) fallback_adapter=true error=failed to create a surface for the window: Failed to create surface for any enabled backend: {}
2026-09-20T07:43:37.236194Z  WARN clonk_app: presenting in software reason=no GPU adapter could be created
2026-09-20T07:43:38.341924Z  INFO clonk_app::main_resources: loaded material definitions path=D:\a\clonk-rs\clonk-rs\content\Material.c4g count=21
2026-09-20T07:43:40.250857Z ERROR clonk_audio::mixer: no audio output device available
2026-09-20T07:43:40.296766Z  INFO clonk_app::software_present_smoke: starting software presentation probe check_input=true
2026-09-20T07:43:40.304440Z  INFO clonk_app::software_present_smoke: software presentation probe advanced previous_phase=PresentInitial phase=AwaitWindowResize
2026-09-20T07:43:40.305742Z  INFO clonk_app::software_present_smoke: software presentation probe advanced previous_phase=AwaitWindowResize phase=PresentAfterResize
2026-09-20T07:43:40.308241Z  INFO clonk_app::software_present_smoke: software presentation probe advanced previous_phase=PresentAfterResize phase=AwaitPointer
2026-09-20T07:43:40.350799Z  INFO clonk_app::software_present_smoke: software presentation probe advanced previous_phase=AwaitPointer phase=BeginLetterboxed
2026-09-20T07:43:40.351091Z  INFO clonk_app::software_present_smoke: software presentation probe advanced previous_phase=BeginLetterboxed phase=PresentLetterboxed
2026-09-20T07:43:40.358515Z  INFO clonk_app::software_present_smoke: software presentation probe advanced previous_phase=PresentLetterboxed phase=PresentRestored
2026-09-20T07:43:40.364694Z  INFO clonk_app::software_present_smoke: software presentation probe advanced previous_phase=PresentRestored phase=AwaitLoopExit
2026-09-20T07:43:40.365565Z  INFO clonk_logging: stopping clonk reason="the event loop ended"
